// Jest Snapshot v1, https://goo.gl/fbAQLP

exports[`Test <Game /> modal should open when user clicks on "restart" button and close if "No, cancel" is pressed 1`] = `
<div>
  <div
    class="[ page-content align-self-start mt-6 tablet:align-self-center tablet:mt-0 ]"
  >
    <header
      class="grid grid-cols-3 align-center gap-5 mb-16 tablet:mb-5"
    >
      <h1
        class="sr-only"
      >
        Tic tac toe
      </h1>
      <img
        alt=""
        src="/assets/logo.svg"
      />
      <section
        class="[ turn ][ flex gap-2.5 box-navy br-1.5 ]"
        data-type="secondary"
      >
        <img
          alt="X"
          src="/assets/icon-turn-X.svg"
        />
        <h2
          class="fs-3.5 color-silver tablet:fs-4"
        >
          TURN
        </h2>
      </section>
      <button
        aria-label="restart"
        class="[ button-restart ][ justify-self-end br-1.5 ]"
        data-type="secondary"
      >
        <svg
          fill="currentColor"
          height="20"
          role="presentation"
          viewBox="0 0 20 20"
          width="20"
          xmlns="http://www.w3.org/2000/svg"
        >
          <path
            d="M19.524 0h-1.88a.476.476 0 0 0-.476.499l.159 3.284A9.81 9.81 0 0 0 9.835.317C4.415.317-.004 4.743 0 10.167.004 15.597 4.406 20 9.835 20a9.796 9.796 0 0 0 6.59-2.536.476.476 0 0 0 .019-.692l-1.348-1.349a.476.476 0 0 0-.65-.022 6.976 6.976 0 0 1-9.85-.63 6.987 6.987 0 0 1 .63-9.857 6.976 6.976 0 0 1 10.403 1.348l-4.027-.193a.476.476 0 0 0-.498.476v1.881c0 .263.213.476.476.476h7.944A.476.476 0 0 0 20 8.426V.476A.476.476 0 0 0 19.524 0Z"
            fill=""
          />
        </svg>
      </button>
    </header>
    <div
      class="[ modal-container ][ flex flex-center ]"
      data-animation="modal-closing"
    >
      <div
        class="[ modal ][ flex flex-center flex-col ]"
      >
        <h2
          class="[ title ][ flex flex-center gap-2.5 mb-6 fw-bold color-silver letter-m tablet:gap-6 tablet:letter-l tablet:mb-8 ]"
        >
          RESTART GAME?
        </h2>
        <div
          class="[ flex gap-4 ]"
        >
          <button
            class="[ button ][ silver ]"
            data-type="secondary"
          >
            NO, CANCEL
          </button>
          <button
            class="[ button ][ yellow ]"
            data-type="secondary"
          >
            YES, RESTART
          </button>
        </div>
      </div>
    </div>
    <main
      class="[ board ][ mb-5 ]"
    >
      <button
        aria-label="Empty"
        class="[ board-box  ][ box-navy br-2.5 ]"
        data-turn="X"
        data-type="primary"
        data-win="false"
      />
      <button
        aria-label="Empty"
        class="[ board-box  ][ box-navy br-2.5 ]"
        data-turn="X"
        data-type="primary"
        data-win="false"
      />
      <button
        aria-label="Empty"
        class="[ board-box  ][ box-navy br-2.5 ]"
        data-turn="X"
        data-type="primary"
        data-win="false"
      />
      <button
        aria-label="Empty"
        class="[ board-box  ][ box-navy br-2.5 ]"
        data-turn="X"
        data-type="primary"
        data-win="false"
      />
      <button
        aria-label="Empty"
        class="[ board-box  ][ box-navy br-2.5 ]"
        data-turn="X"
        data-type="primary"
        data-win="false"
      />
      <button
        aria-label="Empty"
        class="[ board-box  ][ box-navy br-2.5 ]"
        data-turn="X"
        data-type="primary"
        data-win="false"
      />
      <button
        aria-label="Empty"
        class="[ board-box  ][ box-navy br-2.5 ]"
        data-turn="X"
        data-type="primary"
        data-win="false"
      />
      <button
        aria-label="Empty"
        class="[ board-box  ][ box-navy br-2.5 ]"
        data-turn="X"
        data-type="primary"
        data-win="false"
      />
      <button
        aria-label="Empty"
        class="[ board-box  ][ box-navy br-2.5 ]"
        data-turn="X"
        data-type="primary"
        data-win="false"
      />
    </main>
    <footer
      class="[ flex space-between align-center gap-5 ]"
    >
      <section
        aria-label="score"
        class="[ score ][ flex flex-center flex-col flex-1 bg-light-blue p-3 br-2.5 ]"
      >
        <h2
          class="[ fs-3 fw-medium uppercase tablet:fs-3.5 ]"
        >
          X ()
        </h2>
        <p
          class="[ fs-5 fw-bold letter-s tablet:fs-6 tablet:letter-m ]"
        >
          0
        </p>
      </section>
      <section
        aria-label="score"
        class="[ score ][ flex flex-center flex-col flex-1 bg-silver p-3 br-2.5 ]"
      >
        <h2
          class="[ fs-3 fw-medium uppercase tablet:fs-3.5 ]"
        >
          TIES
        </h2>
        <p
          class="[ fs-5 fw-bold letter-s tablet:fs-6 tablet:letter-m ]"
        />
      </section>
      <section
        aria-label="score"
        class="[ score ][ flex flex-center flex-col flex-1 bg-light-yellow p-3 br-2.5 ]"
      >
        <h2
          class="[ fs-3 fw-medium uppercase tablet:fs-3.5 ]"
        >
          O ()
        </h2>
        <p
          class="[ fs-5 fw-bold letter-s tablet:fs-6 tablet:letter-m ]"
        >
          0
        </p>
      </section>
    </footer>
  </div>
</div>
`;
